\BOOKMARK [1][-]{section.1}{\376\377\000H\000i\000s\000t\000o\000r\000y\000\040\000o\000f\000\040\000M\000a\000c\000r\000o\000e\000c\000o\000n\000o\000m\000i\000c\000s}{}% 1
\BOOKMARK [2][-]{subsection.1.1}{\376\377\000P\000h\000a\000s\000e\000\040\0000\000:\000\040\000P\000a\000n\000i\000c\000s\000\040\000o\000f\000\040\000t\000h\000e\000\040\0001\0008\0000\0000\000s\000\040\000a\000n\000d\000\040\000e\000a\000r\000l\000y\000\040\0001\0009\0000\0000\000s}{section.1}% 2
\BOOKMARK [2][-]{subsection.1.2}{\376\377\000P\000h\000a\000s\000e\000\040\0001\000:\000\040\000M\000e\000a\000s\000u\000r\000i\000n\000g\000\040\000M\000a\000c\000r\000o\000e\000c\000o\000n\000o\000m\000i\000c\000\040\000A\000c\000t\000i\000v\000i\000t\000y\000\040\000\050\0001\0009\0003\0000\000s\000\040\000t\000o\000\040\000E\000a\000r\000l\000y\000\040\0001\0009\0005\0000\000s\000\051}{section.1}% 3
\BOOKMARK [2][-]{subsection.1.3}{\376\377\000P\000h\000a\000s\000e\000\040\0002\000:\000\040\000K\000e\000y\000n\000e\000s\000i\000a\000n\000\040\000M\000a\000c\000r\000o\000e\000c\000o\000n\000o\000m\000e\000t\000r\000i\000c\000\040\000A\000p\000p\000r\000o\000a\000c\000h\000\040\000\050\000E\000a\000r\000l\000y\000\040\0001\0009\0005\0000\000s\000\040\000t\000o\000\040\000l\000a\000t\000e\000-\0001\0009\0007\0000\000s\000\051}{section.1}% 4
\BOOKMARK [2][-]{subsection.1.4}{\376\377\000P\000h\000a\000s\000e\000\040\0002\000.\0005\000:\000\040\000T\000h\000e\000\040\000R\000i\000s\000e\000\040\000o\000f\000\040\000M\000o\000n\000e\000t\000a\000r\000i\000s\000m}{section.1}% 5
\BOOKMARK [2][-]{subsection.1.5}{\376\377\000P\000h\000a\000s\000e\000\040\0003\000:\000\040\000M\000o\000d\000e\000r\000n\000\040\000M\000a\000c\000r\000o\000e\000c\000o\000n\000o\000m\000i\000c\000\040\000F\000r\000a\000m\000e\000w\000o\000r\000k\000\040\000\050\000l\000a\000t\000e\000\040\0001\0009\0007\0000\000s\000\040\000t\000o\000\040\000P\000r\000e\000s\000e\000n\000t\000\051}{section.1}% 6
\BOOKMARK [3][-]{subsubsection.1.5.1}{\376\377\000S\000u\000p\000p\000l\000y\000-\000S\000i\000d\000e\000\040\000E\000c\000o\000n\000o\000m\000i\000c\000s}{subsection.1.5}% 7
\BOOKMARK [3][-]{subsubsection.1.5.2}{\376\377\000T\000h\000e\000\040\000P\000h\000i\000l\000l\000i\000p\000s\000\040\000C\000u\000r\000v\000e\000\040\000\050\000P\000C\000\051}{subsection.1.5}% 8
\BOOKMARK [3][-]{subsubsection.1.5.3}{\376\377\000R\000e\000a\000l\000\040\000B\000u\000s\000i\000n\000e\000s\000s\000\040\000C\000y\000c\000l\000e\000\040\000T\000h\000e\000o\000r\000y}{subsection.1.5}% 9
\BOOKMARK [3][-]{subsubsection.1.5.4}{\376\377\000N\000e\000w\000\040\000K\000e\000y\000n\000e\000s\000i\000a\000n\000\040\000T\000h\000e\000o\000r\000y}{subsection.1.5}% 10
\BOOKMARK [1][-]{section.2}{\376\377\000K\000e\000y\000\040\000c\000o\000n\000c\000e\000p\000t\000s}{}% 11
\BOOKMARK [2][-]{subsection.2.1}{\376\377\000W\000e\000a\000l\000t\000h\000\040\000v\000s\000.\000\040\000I\000n\000c\000o\000m\000e}{section.2}% 12
\BOOKMARK [2][-]{subsection.2.2}{\376\377\000F\000i\000r\000s\000t\000-\000O\000r\000d\000e\000r\000\040\000C\000o\000n\000d\000i\000t\000i\000o\000n}{section.2}% 13
\BOOKMARK [1][-]{section.3}{\376\377\000D\000y\000n\000a\000m\000i\000c\000\040\000C\000o\000n\000s\000u\000m\000p\000t\000i\000o\000n\000-\000S\000a\000v\000i\000n\000g\000s\000\040\000F\000r\000a\000m\000e\000w\000o\000r\000k}{}% 14
\BOOKMARK [2][-]{subsection.3.1}{\376\377\000A\000s\000s\000u\000m\000p\000t\000i\000o\000n\000s}{section.3}% 15
\BOOKMARK [2][-]{subsection.3.2}{\376\377\000M\000o\000d\000e\000l}{section.3}% 16
\BOOKMARK [3][-]{subsubsection.3.2.1}{\376\377\000P\000e\000r\000i\000o\000d\000-\000b\000y\000-\000P\000e\000r\000i\000o\000d\000\040\000B\000u\000d\000g\000e\000t\000\040\000C\000o\000n\000s\000t\000r\000a\000i\000n\000t}{subsection.3.2}% 17
\BOOKMARK [3][-]{subsubsection.3.2.2}{\376\377\000L\000i\000f\000e\000t\000i\000m\000e\000\040\000B\000u\000d\000g\000e\000t\000\040\000C\000o\000n\000s\000t\000r\000a\000i\000n\000t}{subsection.3.2}% 18
\BOOKMARK [3][-]{subsubsection.3.2.3}{\376\377\000O\000p\000t\000i\000m\000a\000l\000\040\000I\000n\000t\000e\000r\000t\000e\000m\000p\000o\000r\000a\000l\000\040\000C\000h\000o\000i\000c\000e\000\040\000\050\000N\000o\000m\000i\000n\000a\000l\000\040\000T\000e\000r\000m\000\051}{subsection.3.2}% 19
\BOOKMARK [3][-]{subsubsection.3.2.4}{\376\377\000C\000o\000n\000s\000u\000m\000p\000t\000i\000o\000n\000-\000S\000a\000v\000i\000n\000g\000s\000\040\000M\000o\000d\000e\000l\000\040\000i\000n\000\040\000R\000e\000a\000l\000\040\000U\000n\000i\000t\000s}{subsection.3.2}% 20
\BOOKMARK [2][-]{subsection.3.3}{\376\377\000R\000e\000s\000u\000l\000t\000s}{section.3}% 21
\BOOKMARK [2][-]{subsection.3.4}{\376\377\000L\000a\000g\000r\000a\000g\000i\000a\000n\000\040\000a\000n\000d\000\040\000F\000O\000C}{section.3}% 22
\BOOKMARK [3][-]{subsubsection.3.4.1}{\376\377\000L\000i\000f\000e\000t\000i\000m\000e\000\040\000v\000s\000.\000\040\000S\000e\000q\000u\000e\000n\000t\000i\000a\000l\000\040\000L\000a\000g\000r\000a\000n\000g\000e\000\040\000f\000o\000r\000m\000u\000l\000a\000t\000i\000o\000n}{subsection.3.4}% 23
\BOOKMARK [3][-]{subsubsection.3.4.2}{\376\377\000L\000i\000f\000e\000t\000i\000m\000e\000\040\000L\000a\000g\000r\000a\000n\000g\000i\000a\000n\000\040\000F\000o\000r\000m\000u\000l\000a\000t\000i\000o\000n}{subsection.3.4}% 24
\BOOKMARK [3][-]{subsubsection.3.4.3}{\376\377\000S\000e\000q\000u\000e\000n\000t\000i\000a\000l\000\040\000L\000a\000g\000r\000a\000n\000g\000i\000a\000n\000\040\000F\000o\000r\000m\000u\000l\000a\000t\000i\000o\000n}{subsection.3.4}% 25
\BOOKMARK [2][-]{subsection.3.5}{\376\377\000S\000o\000l\000v\000i\000n\000g\000\040\000f\000o\000r\000\040\000N\000u\000m\000e\000r\000i\000c\000a\000l\000\040\000C\000h\000o\000i\000c\000e}{section.3}% 26
\BOOKMARK [1][-]{section.4}{\376\377\000I\000n\000t\000e\000r\000t\000e\000m\000p\000o\000r\000a\000l\000\040\000F\000i\000s\000c\000a\000l\000\040\000P\000o\000l\000i\000c\000y\000\040\000\050\000R\000i\000c\000a\000r\000d\000i\000a\000n\000\040\000v\000s\000.\000\040\000N\000o\000n\000-\000R\000i\000c\000a\000r\000d\000i\000a\000n\000\040\000p\000o\000l\000i\000c\000y\000\051}{}% 27
\BOOKMARK [2][-]{subsection.4.1}{\376\377\000R\000i\000c\000a\000r\000d\000i\000a\000n\000\040\000E\000q\000u\000i\000v\000a\000l\000e\000n\000c\000e}{section.4}% 28
\BOOKMARK [2][-]{subsection.4.2}{\376\377\000D\000i\000s\000t\000o\000r\000t\000i\000o\000n\000a\000r\000y\000\040\000T\000a\000x\000e\000s\000\040\000a\000n\000d\000\040\000T\000h\000e\000\040\000F\000a\000i\000l\000u\000r\000e\000\040\000o\000f\000\040\000R\000i\000c\000a\000r\000d\000i\000a\000n\000\040\000E\000q\000u\000i\000v\000a\000l\000e\000n\000c\000e}{section.4}% 29
\BOOKMARK [1][-]{section.5}{\376\377\000I\000n\000f\000i\000n\000i\000t\000e\000-\000P\000e\000r\000i\000o\000d\000\040\000F\000r\000a\000m\000e\000w\000o\000r\000k}{}% 30
\BOOKMARK [2][-]{subsection.5.1}{\376\377\000P\000r\000e\000f\000e\000r\000e\000n\000c\000e\000s}{section.5}% 31
\BOOKMARK [2][-]{subsection.5.2}{\376\377\000B\000u\000d\000g\000e\000t\000\040\000C\000o\000n\000s\000t\000r\000a\000i\000n\000t}{section.5}% 32
\BOOKMARK [2][-]{subsection.5.3}{\376\377\000L\000a\000g\000r\000a\000n\000g\000i\000a\000n}{section.5}% 33
\BOOKMARK [3][-]{subsubsection.5.3.1}{\376\377\000M\000a\000c\000r\000o\000e\000c\000o\000n\000o\000m\000i\000c\000\040\000A\000n\000a\000l\000y\000s\000i\000s}{subsection.5.3}% 34
\BOOKMARK [3][-]{subsubsection.5.3.2}{\376\377\000F\000i\000n\000a\000n\000c\000i\000a\000l\000\040\000m\000a\000r\000k\000e\000t\000\040\000A\000n\000a\000l\000y\000s\000i\000s}{subsection.5.3}% 35
\BOOKMARK [2][-]{subsection.5.4}{\376\377\000S\000t\000e\000a\000d\000y\000\040\000S\000t\000a\000t\000e}{section.5}% 36
\BOOKMARK [2][-]{subsection.5.5}{\376\377\000O\000v\000e\000r\000l\000a\000p\000p\000i\000n\000g\000\040\000T\000w\000o\000-\000P\000e\000r\000i\000o\000d\000\040\000F\000r\000a\000m\000e\000w\000o\000r\000k\000s}{section.5}% 37
\BOOKMARK [1][-]{section.6}{\376\377\000S\000h\000o\000c\000k\000s}{}% 38
\BOOKMARK [2][-]{subsection.6.1}{\376\377\000P\000r\000o\000d\000u\000c\000t\000i\000o\000n\000\040\000S\000h\000o\000c\000k\000s}{section.6}% 39
\BOOKMARK [2][-]{subsection.6.2}{\376\377\000P\000r\000e\000f\000e\000r\000e\000n\000c\000e\000\040\000S\000h\000o\000c\000k\000s}{section.6}% 40
\BOOKMARK [1][-]{section.7}{\376\377\000G\000e\000n\000e\000r\000a\000l\000\040\000E\000q\000u\000i\000l\000i\000b\000r\000i\000u\000m\000\040\000M\000a\000c\000r\000o\000e\000c\000o\000n\000o\000m\000i\000c\000s}{}% 41
